     1                                 %line 1+1 /home/seyfarth/ebe/chksum.asm
     2                                 
     3                                 [segment .data]
     4 00000000 0000000000000000       fd dq 0
     5                                 
     6                                 [segment .bss]
     7 00000000 <gap>                  stuff resq 1
     8 00000008 <gap>                  data resb 10000000000
     9                                 
    10                                 [segment .text]
    11                                 [global main]
    12                                 [extern open]
    13                                 %line 11+0 /home/seyfarth/ebe/chksum.asm
    14                                 [extern read]
    15                                 %line 12+1 /home/seyfarth/ebe/chksum.asm
    16                                 chksum:
    17 00000000 55                      push rbp
    18 00000001 4889E5                  mov rbp, rsp
    19 00000004 4883EC20                sub rsp, 32
    20                                 
    21 00000008 4989F0                  mov r8, rsi
    22 0000000B 4883C607                add rsi, 7
    23 0000000F 48C1EE03                shr rsi, 3
    24 00000013 48C1E603                shl rsi, 3
    25 00000017 31C0                    xor eax, eax
    26                                 .loop:
    27 00000019 4939F0                  cmp r8, rsi
    28 0000001C 7D07                    jge .loop_end
    29 0000001E 42880407                mov [rdi+r8], al
    30 00000022 49FFC0                  inc r8
    31 00000025 EBF0                    jmp .loop
    32                                 .loop_end:
    33 00000027 48C1EE03                shr rsi, 3
    34                                 
    35 0000002B 4531C0                  xor r8d, r8d
    36                                 .chksum_loop:
    37 0000002E 4939F0                  cmp r8, rsi
    38 00000031 7D0B                    jge .chksum_end
    39 00000033 48D1C8                  ror rax, 1
    40 00000036 4A030407                add rax, [rdi+r8]
    41 0000003A 4983C008                add r8, 8
    42 0000003E EBEC                    jmp .chksum_loop
    43                                 
    44                                 .chksum_end:
    45                                 
    46 00000040 C9                      leave
    47 00000041 C3                      ret
    48                                 main:
    49 00000042 55                      push rbp
    50 00000043 4889E5                  mov rbp, rsp
    51                                 
    52                                 
    53 00000046 83FF01                  cmp edi, 1
    54 00000049 7410                    je no_file_name
    55 0000004B 488B7E08                mov rdi, [rsi+8]
    56 0000004F 31F6                    xor esi, esi
    57 00000051 E8(F6FFFFFF)            call open
    58 00000056 890425[00000000]        mov [fd], eax
    59                                 
    60                                 no_file_name:
    61 0000005D 8B3C25[00000000]        mov edi, [fd]
    62 00000064 488D3425[00000000]      lea rsi, [data]
    63 0000006C 48C7C200CA9A3B          mov rdx, 1000000000
    64 00000073 E8(F6FFFFFF)            call read
    65                                 
    66 00000078 488D3C25[00000000]      lea rdi, [data]
    67 00000080 4889C6                  mov rsi, rax
    68 00000083 E873FFFFFF              call chksum
    69 00000088 C9                      leave
    70 00000089 C3                      ret
