     1                                 %line 2+1 /home/seyfarth/ebe/memory.asm
     2                                 [segment .data]
     3 00000000 04000000               a dd 4
     4 00000004 CDCC8C40               b dd 4.4
     5 00000008 00000000<rept>         c times 10 dd 0
     6 00000030 01000200               d dw 1, 2
     7 00000034 FB                     e db 0xfb
     8 00000035 68656C6C6F20776F72-    f db "hello world", 0
     9 00000035 6C6400             
    10                                 
    11                                 [segment .bss]
    12 00000000 <gap>                  g resd 1
    13 00000004 <gap>                  h resd 10
    14 0000002C <gap>                  i resb 10000000
    15 009896AC <gap>                  data resb 10000
    16                                 
    17                                 [section .text]
    18                                 [global main]
    19                                 main:
    20 00000000 4883EC18                sub rsp, 24
    21                                 
    22 00000004 31C0                    xor eax, eax
    23 00000006 4883C418                add rsp, 24
    24 0000000A C3                      ret
